// Jest Snapshot v1, https://goo.gl/fbAQLP

exports[`<MyComponent /> renders correctly 1`] = `ShallowWrapper {}`;

exports[`<RowComponent /> renders correctly 1`] = `ShallowWrapper {}`;

exports[`renders correctly 1`] = `ShallowWrapper {}`;
